\BOOKMARK [0][-]{chapter*.1}{\376\377\000A\000c\000l\000a\000r\000a\000c\000i\000o\000n\000e\000s}{}% 1
\BOOKMARK [0][-]{chapter.1}{\376\377\000A\000n\000\341\000l\000i\000s\000i\000s\000\040\000y\000\040\000P\000l\000a\000n\000i\000f\000i\000c\000a\000c\000i\000\363\000n}{}% 2
\BOOKMARK [1][-]{section.1.1}{\376\377\000C\000o\000n\000t\000e\000n\000i\000d\000o}{chapter.1}% 3
\BOOKMARK [1][-]{section.1.2}{\376\377\000U\000s\000u\000a\000r\000i\000o}{chapter.1}% 4
\BOOKMARK [1][-]{section.1.3}{\376\377\000P\000r\000o\000d\000u\000c\000c\000i\000\363\000n}{chapter.1}% 5
\BOOKMARK [1][-]{section.1.4}{\376\377\000R\000e\000q\000u\000i\000s\000i\000t\000o\000s}{chapter.1}% 6
\BOOKMARK [1][-]{section.1.5}{\376\377\000A\000n\000\341\000l\000i\000s\000i\000s\000\040\000d\000e\000\040\000p\000r\000o\000d\000u\000c\000t\000o\000s\000\040\000e\000x\000i\000s\000t\000e\000n\000t\000e\000s}{chapter.1}% 7
\BOOKMARK [2][-]{subsection.1.5.1}{\376\377\000U\000s\000a\000b\000i\000l\000i\000t\000y\000\040\000B\000o\000d\000y\000\040\000o\000f\000\040\000K\000n\000o\000w\000l\000e\000d\000g\000e\000\040\000\050\000U\000B\000K\000\051}{section.1.5}% 8
\BOOKMARK [2][-]{subsection.1.5.2}{\376\377\000N\000o\000\040\000S\000o\000l\000o\000\040\000U\000s\000a\000b\000i\000l\000i\000d\000a\000d\000\040\000\050\000N\000S\000U\000\051}{section.1.5}% 9
\BOOKMARK [2][-]{subsection.1.5.3}{\376\377\000S\000e\000r\000v\000i\000c\000e\000\040\000D\000e\000s\000i\000g\000n\000\040\000T\000o\000o\000l\000s\000\040\000\050\000S\000D\000T\000\051}{section.1.5}% 10
\BOOKMARK [2][-]{subsection.1.5.4}{\376\377\000C\000o\000n\000c\000l\000u\000s\000i\000o\000n\000e\000s\000\040\000d\000e\000l\000\040\000a\000n\000\341\000l\000i\000s\000i\000s}{section.1.5}% 11
\BOOKMARK [0][-]{chapter.2}{\376\377\000M\000o\000d\000e\000l\000a\000d\000o\000\040\000d\000e\000l\000\040\000U\000s\000u\000a\000r\000i\000o}{}% 12
\BOOKMARK [1][-]{section.2.1}{\376\377\000P\000e\000r\000s\000o\000n\000a\000s\000\040\000y\000\040\000S\000c\000e\000n\000a\000r\000i\000o\000s}{chapter.2}% 13
\BOOKMARK [2][-]{subsection.2.1.1}{\376\377\000U\000s\000u\000a\000r\000i\000o\000s\000\040\000F\000o\000c\000a\000l\000e\000s}{section.2.1}% 14
\BOOKMARK [2][-]{subsection.2.1.2}{\376\377\000U\000s\000u\000a\000r\000i\000o\000s\000\040\000S\000e\000c\000u\000n\000d\000a\000r\000i\000o\000s}{section.2.1}% 15
\BOOKMARK [2][-]{subsection.2.1.3}{\376\377\000U\000s\000u\000a\000r\000i\000o\000\040\000I\000n\000v\000o\000l\000u\000c\000r\000a\000d\000o}{section.2.1}% 16
\BOOKMARK [2][-]{subsection.2.1.4}{\376\377\000U\000s\000u\000a\000r\000i\000o\000\040\000N\000o\000\040\000P\000r\000i\000o\000r\000i\000t\000a\000r\000i\000o}{section.2.1}% 17
\BOOKMARK [1][-]{section.2.2}{\376\377\000C\000a\000s\000o\000s\000\040\000d\000e\000\040\000U\000s\000o}{chapter.2}% 18
\BOOKMARK [2][-]{subsection.2.2.1}{\376\377\000C\000U\0001\000:\000\040\000C\000o\000n\000s\000u\000l\000t\000a\000r\000\040\000l\000a\000\040\000f\000i\000c\000h\000a\000\040\000d\000e\000\040\000u\000n\000a\000\040\000t\000\351\000c\000n\000i\000c\000a\000\040\000c\000o\000n\000c\000r\000e\000t\000a\000\040\000p\000a\000r\000a\000\040\000e\000j\000e\000c\000u\000t\000a\000r\000l\000a}{section.2.2}% 19
\BOOKMARK [2][-]{subsection.2.2.2}{\376\377\000C\000U\0002\000:\000\040\000G\000u\000a\000r\000d\000a\000r\000\040\000t\000\351\000c\000n\000i\000c\000a\000s\000\040\000d\000e\000\040\000u\000s\000a\000b\000i\000l\000i\000d\000a\000d\000\040\000p\000a\000r\000a\000\040\000c\000o\000n\000s\000u\000l\000t\000a\000s\000\040\000p\000o\000s\000t\000e\000r\000i\000o\000r\000e\000s}{section.2.2}% 20
\BOOKMARK [2][-]{subsection.2.2.3}{\376\377\000C\000U\0003\000:\000\040\000D\000i\000a\000g\000n\000\363\000s\000t\000i\000c\000o\000\040\000y\000\040\000p\000r\000e\000s\000c\000r\000i\000p\000c\000i\000\363\000n\000\040\000d\000e\000\040\000t\000\351\000c\000n\000i\000c\000a\000s\000\040\000d\000e\000\040\000e\000v\000a\000l\000u\000a\000c\000i\000\363\000n}{section.2.2}% 21
\BOOKMARK [2][-]{subsection.2.2.4}{\376\377\000C\000U\0004\000:\000\040\000C\000a\000l\000c\000u\000l\000a\000r\000\040\000e\000l\000\040\000n\000\372\000m\000e\000r\000o\000\040\000d\000e\000\040\000u\000s\000u\000a\000r\000i\000o\000s\000\040\000n\000e\000c\000e\000s\000a\000r\000i\000o\000s\000\040\000y\000\040\000g\000e\000n\000e\000r\000a\000r\000\040\000m\000e\000n\000s\000a\000j\000e\000\040\000d\000e\000\040\000r\000e\000c\000l\000u\000t\000a\000m\000i\000e\000n\000t\000o}{section.2.2}% 22
\BOOKMARK [2][-]{subsection.2.2.5}{\376\377\000C\000U\0005\000:\000\040\000D\000e\000s\000c\000a\000r\000g\000a\000r\000\040\000r\000e\000c\000u\000r\000s\000o\000s\000\040\000y\000\040\000p\000l\000a\000n\000t\000i\000l\000l\000a\000s\000\040\000p\000a\000r\000a\000\040\000l\000a\000\040\000e\000j\000e\000c\000u\000c\000i\000\363\000n\000\040\000\341\000g\000i\000l\000\040\000d\000e\000\040\000u\000n\000a\000\040\000t\000\351\000c\000n\000i\000c\000a}{section.2.2}% 23
\BOOKMARK [2][-]{subsection.2.2.6}{\376\377\000C\000U\0006\000:\000\040\000E\000x\000p\000l\000o\000r\000a\000r\000\040\000l\000a\000\040\000w\000e\000b\000\040\000d\000e\000\040\000f\000o\000r\000m\000a\000\040\000c\000a\000s\000u\000a\000l}{section.2.2}% 24
\BOOKMARK [0][-]{chapter.3}{\376\377\000D\000i\000s\000e\000\361\000o}{}% 25
\BOOKMARK [1][-]{section.3.1}{\376\377\000A\000f\000f\000i\000n\000i\000t\000y\000\040\000D\000i\000a\000g\000r\000a\000m}{chapter.3}% 26
\BOOKMARK [2][-]{subsection.3.1.1}{\376\377\000P\000a\000s\000o\000\040\0001\000:\000\040\000A\000p\000o\000r\000t\000a\000c\000i\000\363\000n\000\040\000i\000n\000d\000i\000v\000i\000d\000u\000a\000l\000\040\000d\000e\000\040\000n\000o\000t\000a\000s}{section.3.1}% 27
\BOOKMARK [2][-]{subsection.3.1.2}{\376\377\000P\000a\000s\000o\000\040\0002\000:\000\040\000A\000g\000r\000u\000p\000a\000c\000i\000\363\000n\000\040\000s\000i\000l\000e\000n\000c\000i\000o\000s\000a\000\040\000y\000\040\000c\000o\000l\000a\000b\000o\000r\000a\000t\000i\000v\000a}{section.3.1}% 28
\BOOKMARK [2][-]{subsection.3.1.3}{\376\377\000P\000a\000s\000o\000\040\0003\000:\000\040\000D\000e\000b\000a\000t\000e\000\040\000y\000\040\000n\000o\000m\000b\000r\000a\000d\000o\000\040\000d\000e\000\040\000l\000o\000s\000\040\000g\000r\000u\000p\000o\000s}{section.3.1}% 29
\BOOKMARK [1][-]{section.3.2}{\376\377\000D\000e\000\040\000l\000a\000s\000\040\000c\000o\000n\000c\000l\000u\000s\000i\000o\000n\000e\000s\000\040\000d\000e\000l\000\040\000d\000i\000s\000e\000\361\000o\000\040\000a\000\040\000l\000o\000s\000\040\000w\000i\000r\000e\000f\000r\000a\000m\000e\000s}{chapter.3}% 30
\BOOKMARK [0][-]{chapter.4}{\376\377\000P\000r\000o\000t\000o\000t\000i\000p\000a\000d\000o}{}% 31
\BOOKMARK [1][-]{section.4.1}{\376\377\000W\000i\000r\000e\000f\000r\000a\000m\000e\000s\000\040\040\024\000\040\000M\000o\000b\000i\000l\000e\000-\000f\000i\000r\000s\000t}{chapter.4}% 32
\BOOKMARK [1][-]{section.4.2}{\376\377\000W\000i\000r\000e\000f\000r\000a\000m\000e\000s\000\040\040\024\000\040\000D\000e\000s\000k\000t\000o\000p}{chapter.4}% 33
\BOOKMARK [0][-]{appendix.A}{\376\377\000F\000i\000c\000h\000a\000\040\000d\000e\000\040\000T\000\351\000c\000n\000i\000c\000a}{}% 34
\BOOKMARK [0][-]{appendix.B}{\376\377\000T\000e\000m\000p\000l\000a\000t\000e\000s}{}% 35
\BOOKMARK [1][-]{section.B.1}{\376\377\000P\000l\000a\000n\000t\000i\000l\000l\000a\000\040\000P\000e\000r\000s\000o\000n\000a\000-\000S\000c\000e\000n\000a\000r\000i\000o}{appendix.B}% 36
\BOOKMARK [1][-]{section.B.2}{\376\377\000P\000l\000a\000n\000t\000i\000l\000l\000a\000\040\000C\000a\000s\000o\000\040\000d\000e\000\040\000U\000s\000o}{appendix.B}% 37
\BOOKMARK [0][-]{appendix.C}{\376\377\000E\000n\000u\000n\000c\000i\000a\000d\000o\000\040\000d\000e\000l\000\040\000P\000r\000o\000y\000e\000c\000t\000o}{}% 38
